Removed Pin From Net: NetName=NetR10_2 Pin=R21-4
Removed Pin From Net: NetName=GND Pin=TP5-1
Removed Pin From Net: NetName=GND Pin=U3-7
Removed Pin From Net: NetName=GND Pin=X2-1
Removed Pin From Net: NetName=GND Pin=X2-2
Removed Pin From Net: NetName=NetR9_1 Pin=X2-3
Removed Pin From Net: NetName=NetR7_1 Pin=X2-4
Change Footprint: Footprint Not Found SOT23 5pin
Change Component Designator: OldDesignator= NewDesignator=TP6
Added Component: Designator=X2(HDR1X3)
Add component (AddParameter): Name = "LatestRevisionDate"; Value = "17-Jul-2002"; VariantName = "[No Variations]"
Add component (AddParameter): Name = "LatestRevisionNote"; Value = "Re-released for DXP Platform."; VariantName = "[No Variations]"
Add component (AddParameter): Name = "Publisher"; Value = "Altium Limited"; VariantName = "[No Variations]"
Added Component: Designator=X4(HDR1X2)
Add component (AddParameter): Name = "LatestRevisionDate"; Value = "17-Jul-2002"; VariantName = "[No Variations]"
Add component (AddParameter): Name = "LatestRevisionNote"; Value = "Re-released for DXP Platform."; VariantName = "[No Variations]"
Add component (AddParameter): Name = "Publisher"; Value = "Altium Limited"; VariantName = "[No Variations]"
Add Pin To Net: Unknown Pin: Pin R21-2
Added Pin To Net: NetName=GND Pin=X2-1
Added Pin To Net: NetName=NetR9_1 Pin=X2-2
Added Pin To Net: NetName=NetR7_1 Pin=X2-3
Added Pin To Net: NetName=NetTP5_1 Pin=TP5-1
Added Pin To Net: NetName=NetTP5_1 Pin=U3-7
Added Net: Name=NetTP5_1
Added Member To Class: ClassName=Buffer Member=Component X4 Header 1
