Removed Parameter Case/Package:0402 from Part R10
Removed Parameter Case/Package:0603 from Part C26
Removed Parameter Case/Package:0603 from Part C27
Removed Parameter Case/Package:0603 from Part R6
Removed Parameter Case/Package:0805 from Part R11
Removed Parameter Case/Package:0805 from Part R13
Removed Parameter Case/Package:0805 from Part R20
Removed Parameter Case/Package:SMD-¸10, 11,14x6,78mm from Part J1
Removed Parameter Case/Package:TH-2, 3,7x2,54 mm from Part R21
Removed Parameter Case/Package:WSON-10 from Part U4
Removed Parameter Case Code (Metric):0805 from Part R11
Change Component Parameter Comment in X3 Old= New=Header 2
Change Component Parameter Component Kind in X3 Old=Standard (No BOM) New=Standard
Replace Symbol from C24 MCJCU21GBB7104KTPA01 in D:\FER\3. godina\6. sem\zavrsni\IBC_prijamnik_VB\PWR_SUPPLY.SchDoc with MCJCU21GBB7104KTPA01 from DZ1_Bruncic_Vito.SchLib
Replace Symbol from C25 C0805C103K5RECAUTO in D:\FER\3. godina\6. sem\zavrsni\IBC_prijamnik_VB\PWR_SUPPLY.SchDoc with C0805C103K5RECAUTO from DZ1_Bruncic_Vito.SchLib
Replace Symbol from C26 C1608X7R1H105K080AB in D:\FER\3. godina\6. sem\zavrsni\IBC_prijamnik_VB\PWR_SUPPLY.SchDoc with C1608X7R1H105K080AB from DZ1_Bruncic_Vito.SchLib
Replace Symbol from C27 C1608X7R1H105K080AB in D:\FER\3. godina\6. sem\zavrsni\IBC_prijamnik_VB\PWR_SUPPLY.SchDoc with C1608X7R1H105K080AB from DZ1_Bruncic_Vito.SchLib
Replace Symbol from D2 SM0805GCL in D:\FER\3. godina\6. sem\zavrsni\IBC_prijamnik_VB\PWR_SUPPLY.SchDoc with SM0805GCL from DZ1_Bruncic_Vito.SchLib
Replace Symbol from D3 SM0805GCL in D:\FER\3. godina\6. sem\zavrsni\IBC_prijamnik_VB\PWR_SUPPLY.SchDoc with SM0805GCL from DZ1_Bruncic_Vito.SchLib
Replace Symbol from J1 USB4135-GF-A in D:\FER\3. godina\6. sem\zavrsni\IBC_prijamnik_VB\PWR_SUPPLY.SchDoc with USB4135-GF-A from DZ1_Bruncic_Vito.SchLib
Replace Symbol from R6 CRCW06030000Z0EA in D:\FER\3. godina\6. sem\zavrsni\IBC_prijamnik_VB\PWR_SUPPLY.SchDoc with CRCW06030000Z0EA from DZ1_Bruncic_Vito.SchLib
Replace Symbol from R10 NTCG103JF103FT1 in D:\FER\3. godina\6. sem\zavrsni\IBC_prijamnik_VB\PWR_SUPPLY.SchDoc with NTCG103JF103FT1 from DZ1_Bruncic_Vito.SchLib
Replace Symbol from R11 RC0805FR-102KL in D:\FER\3. godina\6. sem\zavrsni\IBC_prijamnik_VB\PWR_SUPPLY.SchDoc with RC0805FR-102KL from DZ1_Bruncic_Vito.SchLib
Replace Symbol from R12 MCT06030C5101FPW00 in D:\FER\3. godina\6. sem\zavrsni\IBC_prijamnik_VB\PWR_SUPPLY.SchDoc with MCT06030C5101FPW00 from DZ1_Bruncic_Vito.SchLib
Replace Symbol from R13 MCU08050C1501FP5 in D:\FER\3. godina\6. sem\zavrsni\IBC_prijamnik_VB\PWR_SUPPLY.SchDoc with MCU08050C1501FP5 from DZ1_Bruncic_Vito.SchLib
Replace Symbol from R14 MCT06030C5101FPW00 in D:\FER\3. godina\6. sem\zavrsni\IBC_prijamnik_VB\PWR_SUPPLY.SchDoc with MCT06030C5101FPW00 from DZ1_Bruncic_Vito.SchLib
Replace Symbol from R20 MCU08050C1501FP5 in D:\FER\3. godina\6. sem\zavrsni\IBC_prijamnik_VB\PWR_SUPPLY.SchDoc with MCU08050C1501FP5 from DZ1_Bruncic_Vito.SchLib
Replace Symbol from R21 954-103AT-2 in D:\FER\3. godina\6. sem\zavrsni\IBC_prijamnik_VB\PWR_SUPPLY.SchDoc with 954-103AT-2 from DZ1_Bruncic_Vito.SchLib
Replace Symbol from U4 BQ24040DSQR in D:\FER\3. godina\6. sem\zavrsni\IBC_prijamnik_VB\PWR_SUPPLY.SchDoc with BQ24040DSQR from DZ1_Bruncic_Vito.SchLib
Replace Symbol from U5 TPS73633DBVR in D:\FER\3. godina\6. sem\zavrsni\IBC_prijamnik_VB\PWR_SUPPLY.SchDoc with TPS73633DBVR from DZ1_Bruncic_Vito.SchLib
Replace Symbol from X3 Header 2 in D:\FER\3. godina\6. sem\zavrsni\IBC_prijamnik_VB\PWR_SUPPLY.SchDoc with Header 2 from Miscellaneous Connectors.IntLib
