Change Component Parameter Description in C24 Old=Multilayer Ceramic Capacitors MLCC - SMD/SMT 50V 0.1uF X7R 0805 10% AEC-Q200 New=Kondenzator, X7R, 10%, 50VDC
Change Component Parameter Description in C25 Old=KEMET - C0805C103K5RECAUTO - CAP, AEC-Q200, 0.01UF, 50V, MLCC, 0805 New=Kondenzator, C0G, 10%, 50VDC
Change Component Parameter Description in C26 Old=Ceramic Capacitor, Multilayer, Ceramic, 50V, 10% +Tol, 10% -Tol, X7R, 15% TC, 1uF, Surface Mount, 0603 New=Kondenzator, X7R, 10%, 50VDC
Change Component Parameter Description in C27 Old=Ceramic Capacitor, Multilayer, Ceramic, 50V, 10% +Tol, 10% -Tol, X7R, 15% TC, 1uF, Surface Mount, 0603 New=Kondenzator, X7R, 10%, 50VDC
Change Component Parameter Description in D2 Old=Reel / LED, SMD, 0805, 2 Leads, Green, Water Clear Lens, 130 Deg Viewing Angle, Low Current New=Dioda, svjetleca, 1,9V
Change Component Parameter Description in D3 Old=Reel / LED, SMD, 0805, 2 Leads, Green, Water Clear Lens, 130 Deg Viewing Angle, Low Current New=Dioda, svjetleca, 1,9V
Change Component Parameter Description in J1 Old=USB Connectors USBC Rec GF RA 6P SMT-SMT stakes 3.16mm New=USB-C prikljucak
Change Component Parameter Description in R6 Old=Thick Film Resistors - SMD 1/8 Watt ZEROohm Jumper New=Otpornik, 1%, 125mW
Change Component Parameter Description in R10 Old=NTC (Negative Temperature Coefficient) Thermistors THERMISTOR, NTC 10K OHM, 1%, 0402 New=NTC Termistor, 1%
Change Component Parameter Description in R11 Old=Thick Film Resistors - SMD 2 kOhms 125 mW 0805 1% New=Otpornik, 1%, 125mW
Change Component Parameter Description in R12 Old=Res Thick Film 0603 5.1K Ohm 1% 0.1W(1/10W) ±100ppm/C Pad SMD Automotive T/R New=Otpornik, ±100ppm/C, 100mW
Change Component Parameter Description in R13 Old=Thin Film Resistors - SMD 1.5K ohm 1% 50 ppm Thin Film New=Otpornik, ±50ppm/C, 100mW
Change Component Parameter Description in R14 Old=Res Thick Film 0603 5.1K Ohm 1% 0.1W(1/10W) ±100ppm/C Pad SMD Automotive T/R New=Otpornik, ±100ppm/C, 100mW
Change Component Parameter Description in R20 Old=Thin Film Resistors - SMD 1.5K ohm 1% 50 ppm Thin Film New=Otpornik, ±50ppm/C, 100mW
Change Component Parameter Description in R21 Old=NTC (Negative Temperature Coefficient) Thermistors 10kohm 1% New=NTC Termistor, 1%
Change Component Parameter Description in U4 Old=Battery Management 800mA Sng-Inpt Sg Cl Li-Ion Batt Charger A 595-BQ24040DSQT New=Li-Ion baterija, 800mA
Change Component Parameter Description in U5 Old=IC REG LINEAR 3.3V 400MA SOT23-5 New=IC Regulator, 3,3V, 400mADC
Replace Symbol from C24 MCJCU21GBB7104KTPA01 in C:\FER\3. godina\6. sem\ZAVRŠNI\IBC_prijamnik_VB\PWR_SUPPLY.SchDoc with MCJCU21GBB7104KTPA01 from DZ1_Bruncic_Vito.SchLib
Replace Symbol from C25 C0805C103K5RECAUTO in C:\FER\3. godina\6. sem\ZAVRŠNI\IBC_prijamnik_VB\PWR_SUPPLY.SchDoc with C0805C103K5RECAUTO from DZ1_Bruncic_Vito.SchLib
Replace Symbol from C26 C1608X7R1H105K080AB in C:\FER\3. godina\6. sem\ZAVRŠNI\IBC_prijamnik_VB\PWR_SUPPLY.SchDoc with C1608X7R1H105K080AB from DZ1_Bruncic_Vito.SchLib
Replace Symbol from C27 C1608X7R1H105K080AB in C:\FER\3. godina\6. sem\ZAVRŠNI\IBC_prijamnik_VB\PWR_SUPPLY.SchDoc with C1608X7R1H105K080AB from DZ1_Bruncic_Vito.SchLib
Replace Symbol from D2 SM0805GCL in C:\FER\3. godina\6. sem\ZAVRŠNI\IBC_prijamnik_VB\PWR_SUPPLY.SchDoc with SM0805GCL from DZ1_Bruncic_Vito.SchLib
Replace Symbol from D3 SM0805GCL in C:\FER\3. godina\6. sem\ZAVRŠNI\IBC_prijamnik_VB\PWR_SUPPLY.SchDoc with SM0805GCL from DZ1_Bruncic_Vito.SchLib
Replace Symbol from J1 USB4135-GF-A in C:\FER\3. godina\6. sem\ZAVRŠNI\IBC_prijamnik_VB\PWR_SUPPLY.SchDoc with USB4135-GF-A from DZ1_Bruncic_Vito.SchLib
Replace Symbol from R6 CRCW06030000Z0EA in C:\FER\3. godina\6. sem\ZAVRŠNI\IBC_prijamnik_VB\PWR_SUPPLY.SchDoc with CRCW06030000Z0EA from DZ1_Bruncic_Vito.SchLib
Replace Symbol from R10 NTCG103JF103FT1 in C:\FER\3. godina\6. sem\ZAVRŠNI\IBC_prijamnik_VB\PWR_SUPPLY.SchDoc with NTCG103JF103FT1 from DZ1_Bruncic_Vito.SchLib
Replace Symbol from R11 RC0805FR-102KL in C:\FER\3. godina\6. sem\ZAVRŠNI\IBC_prijamnik_VB\PWR_SUPPLY.SchDoc with RC0805FR-102KL from DZ1_Bruncic_Vito.SchLib
Replace Symbol from R12 MCT06030C5101FPW00 in C:\FER\3. godina\6. sem\ZAVRŠNI\IBC_prijamnik_VB\PWR_SUPPLY.SchDoc with MCT06030C5101FPW00 from DZ1_Bruncic_Vito.SchLib
Replace Symbol from R13 MCU08050C1501FP5 in C:\FER\3. godina\6. sem\ZAVRŠNI\IBC_prijamnik_VB\PWR_SUPPLY.SchDoc with MCU08050C1501FP5 from DZ1_Bruncic_Vito.SchLib
Replace Symbol from R14 MCT06030C5101FPW00 in C:\FER\3. godina\6. sem\ZAVRŠNI\IBC_prijamnik_VB\PWR_SUPPLY.SchDoc with MCT06030C5101FPW00 from DZ1_Bruncic_Vito.SchLib
Replace Symbol from R20 MCU08050C1501FP5 in C:\FER\3. godina\6. sem\ZAVRŠNI\IBC_prijamnik_VB\PWR_SUPPLY.SchDoc with MCU08050C1501FP5 from DZ1_Bruncic_Vito.SchLib
Replace Symbol from R21 954-103AT-2 in C:\FER\3. godina\6. sem\ZAVRŠNI\IBC_prijamnik_VB\PWR_SUPPLY.SchDoc with 954-103AT-2 from DZ1_Bruncic_Vito.SchLib
Replace Symbol from U4 BQ24040DSQR in C:\FER\3. godina\6. sem\ZAVRŠNI\IBC_prijamnik_VB\PWR_SUPPLY.SchDoc with BQ24040DSQR from DZ1_Bruncic_Vito.SchLib
Replace Symbol from U5 TPS73633DBVR in C:\FER\3. godina\6. sem\ZAVRŠNI\IBC_prijamnik_VB\PWR_SUPPLY.SchDoc with TPS73633DBVR from DZ1_Bruncic_Vito.SchLib
