Replace Symbol from C24 MCJCU21GBB7104KTPA01 in C:\FER\3godina\6sem\zavrsni\IBC_prijamnik_VB\PWR_SUPPLY.SchDoc with MCJCU21GBB7104KTPA01 from DZ1_Bruncic_Vito.SchLib
Replace Symbol from C25 C0805C103K5RECAUTO in C:\FER\3godina\6sem\zavrsni\IBC_prijamnik_VB\PWR_SUPPLY.SchDoc with C0805C103K5RECAUTO from DZ1_Bruncic_Vito.SchLib
Replace Symbol from C26 C1608X7R1H105K080AB in C:\FER\3godina\6sem\zavrsni\IBC_prijamnik_VB\PWR_SUPPLY.SchDoc with C1608X7R1H105K080AB from DZ1_Bruncic_Vito.SchLib
Replace Symbol from C27 C1608X7R1H105K080AB in C:\FER\3godina\6sem\zavrsni\IBC_prijamnik_VB\PWR_SUPPLY.SchDoc with C1608X7R1H105K080AB from DZ1_Bruncic_Vito.SchLib
Replace Symbol from D2 SM0805GCL in C:\FER\3godina\6sem\zavrsni\IBC_prijamnik_VB\PWR_SUPPLY.SchDoc with SM0805GCL from DZ1_Bruncic_Vito.SchLib
Replace Symbol from D3 SM0805GCL in C:\FER\3godina\6sem\zavrsni\IBC_prijamnik_VB\PWR_SUPPLY.SchDoc with SM0805GCL from DZ1_Bruncic_Vito.SchLib
Replace Symbol from J1 USB4135-GF-A in C:\FER\3godina\6sem\zavrsni\IBC_prijamnik_VB\PWR_SUPPLY.SchDoc with USB4135-GF-A from DZ1_Bruncic_Vito.SchLib
Replace Symbol from R6 CRCW06030000Z0EA in C:\FER\3godina\6sem\zavrsni\IBC_prijamnik_VB\PWR_SUPPLY.SchDoc with CRCW06030000Z0EA from DZ1_Bruncic_Vito.SchLib
Replace Symbol from R10 NTCG103JF103FT1 in C:\FER\3godina\6sem\zavrsni\IBC_prijamnik_VB\PWR_SUPPLY.SchDoc with NTCG103JF103FT1 from DZ1_Bruncic_Vito.SchLib
Replace Symbol from R11 RC0805FR-102KL in C:\FER\3godina\6sem\zavrsni\IBC_prijamnik_VB\PWR_SUPPLY.SchDoc with RC0805FR-102KL from DZ1_Bruncic_Vito.SchLib
Replace Symbol from R12 MCT06030C5101FPW00 in C:\FER\3godina\6sem\zavrsni\IBC_prijamnik_VB\PWR_SUPPLY.SchDoc with MCT06030C5101FPW00 from DZ1_Bruncic_Vito.SchLib
Replace Symbol from R13 MCU08050C1501FP5 in C:\FER\3godina\6sem\zavrsni\IBC_prijamnik_VB\PWR_SUPPLY.SchDoc with MCU08050C1501FP5 from DZ1_Bruncic_Vito.SchLib
Replace Symbol from R14 MCT06030C5101FPW00 in C:\FER\3godina\6sem\zavrsni\IBC_prijamnik_VB\PWR_SUPPLY.SchDoc with MCT06030C5101FPW00 from DZ1_Bruncic_Vito.SchLib
Replace Symbol from R15 MCU08050C2201FP5 in C:\FER\3godina\6sem\zavrsni\IBC_prijamnik_VB\PWR_SUPPLY.SchDoc with MCU08050C2201FP5 from DZ1_Bruncic_Vito.SchLib
Replace Symbol from R20 MCU08050C1501FP5 in C:\FER\3godina\6sem\zavrsni\IBC_prijamnik_VB\PWR_SUPPLY.SchDoc with MCU08050C1501FP5 from DZ1_Bruncic_Vito.SchLib
Replace Symbol from R21 954-103AT-2 in C:\FER\3godina\6sem\zavrsni\IBC_prijamnik_VB\PWR_SUPPLY.SchDoc with 954-103AT-2 from DZ1_Bruncic_Vito.SchLib
Replace Symbol from R22 CRCW06030000Z0EA in C:\FER\3godina\6sem\zavrsni\IBC_prijamnik_VB\PWR_SUPPLY.SchDoc with CRCW06030000Z0EA from DZ1_Bruncic_Vito.SchLib
Replace Symbol from U4 BQ24040DSQR in C:\FER\3godina\6sem\zavrsni\IBC_prijamnik_VB\PWR_SUPPLY.SchDoc with BQ24040DSQR from DZ1_Bruncic_Vito.SchLib
Replace Symbol from U5 TPS73633DBVR in C:\FER\3godina\6sem\zavrsni\IBC_prijamnik_VB\PWR_SUPPLY.SchDoc with TPS73633DBVR from DZ1_Bruncic_Vito.SchLib
Replace Symbol from X3 Header 2 in C:\FER\3godina\6sem\zavrsni\IBC_prijamnik_VB\PWR_SUPPLY.SchDoc with Header 2 from Miscellaneous Connectors.IntLib
