Replace Symbol from  TEST_POINT in C:\FER\3godina\6sem\zavrsni\IBC_prijamnik_VB\STM32.SchDoc with TEST_POINT from DZ1_Bruncic_Vito.SchLib
Replace Symbol from C9 MCJCU21GBB7104KTPA01 in C:\FER\3godina\6sem\zavrsni\IBC_prijamnik_VB\STM32.SchDoc with MCJCU21GBB7104KTPA01 from DZ1_Bruncic_Vito.SchLib
Replace Symbol from C10 08052U150JAT2A in C:\FER\3godina\6sem\zavrsni\IBC_prijamnik_VB\STM32.SchDoc with 08052U150JAT2A from DZ1_Bruncic_Vito.SchLib
Replace Symbol from C11 08052U150JAT2A in C:\FER\3godina\6sem\zavrsni\IBC_prijamnik_VB\STM32.SchDoc with 08052U150JAT2A from DZ1_Bruncic_Vito.SchLib
Replace Symbol from C12 581-THJB106K016SJN in C:\FER\3godina\6sem\zavrsni\IBC_prijamnik_VB\STM32.SchDoc with 581-THJB106K016SJN from DZ1_Bruncic_Vito.SchLib
Replace Symbol from C13 MCJCU21GBB7104KTPA01 in C:\FER\3godina\6sem\zavrsni\IBC_prijamnik_VB\STM32.SchDoc with MCJCU21GBB7104KTPA01 from DZ1_Bruncic_Vito.SchLib
Replace Symbol from C14 MCJCU21GBB7104KTPA01 in C:\FER\3godina\6sem\zavrsni\IBC_prijamnik_VB\STM32.SchDoc with MCJCU21GBB7104KTPA01 from DZ1_Bruncic_Vito.SchLib
Replace Symbol from C15 MCJCU21GBB7104KTPA01 in C:\FER\3godina\6sem\zavrsni\IBC_prijamnik_VB\STM32.SchDoc with MCJCU21GBB7104KTPA01 from DZ1_Bruncic_Vito.SchLib
Replace Symbol from C16 MCJCU21GBB7104KTPA01 in C:\FER\3godina\6sem\zavrsni\IBC_prijamnik_VB\STM32.SchDoc with MCJCU21GBB7104KTPA01 from DZ1_Bruncic_Vito.SchLib
Replace Symbol from C17 MCJCU21GBB7104KTPA01 in C:\FER\3godina\6sem\zavrsni\IBC_prijamnik_VB\STM32.SchDoc with MCJCU21GBB7104KTPA01 from DZ1_Bruncic_Vito.SchLib
Replace Symbol from C18 CGA4J1X7R1H475K125AC in C:\FER\3godina\6sem\zavrsni\IBC_prijamnik_VB\STM32.SchDoc with CGA4J1X7R1H475K125AC from DZ1_Bruncic_Vito.SchLib
Replace Symbol from C19 MCJCU21GBB7104KTPA01 in C:\FER\3godina\6sem\zavrsni\IBC_prijamnik_VB\STM32.SchDoc with MCJCU21GBB7104KTPA01 from DZ1_Bruncic_Vito.SchLib
Replace Symbol from C20 GCM1555C2A101GE02D in C:\FER\3godina\6sem\zavrsni\IBC_prijamnik_VB\STM32.SchDoc with GCM1555C2A101GE02D from DZ1_Bruncic_Vito.SchLib
Replace Symbol from C21 MCJCU21GBB7104KTPA01 in C:\FER\3godina\6sem\zavrsni\IBC_prijamnik_VB\STM32.SchDoc with MCJCU21GBB7104KTPA01 from DZ1_Bruncic_Vito.SchLib
Replace Symbol from C22 CGA4J1X7R1H475K125AC in C:\FER\3godina\6sem\zavrsni\IBC_prijamnik_VB\STM32.SchDoc with CGA4J1X7R1H475K125AC from DZ1_Bruncic_Vito.SchLib
Replace Symbol from C29 MCJCU21GBB7104KTPA01 in C:\FER\3godina\6sem\zavrsni\IBC_prijamnik_VB\STM32.SchDoc with MCJCU21GBB7104KTPA01 from DZ1_Bruncic_Vito.SchLib
Replace Symbol from C30 MCJCU21GBB7104KTPA01 in C:\FER\3godina\6sem\zavrsni\IBC_prijamnik_VB\STM32.SchDoc with MCJCU21GBB7104KTPA01 from DZ1_Bruncic_Vito.SchLib
Replace Symbol from C? MCJCU21GBB7104KTPA01 in C:\FER\3godina\6sem\zavrsni\IBC_prijamnik_VB\STM32.SchDoc with MCJCU21GBB7104KTPA01 from DZ1_Bruncic_Vito.SchLib
Replace Symbol from D1 SM0805GCL in C:\FER\3godina\6sem\zavrsni\IBC_prijamnik_VB\STM32.SchDoc with SM0805GCL from DZ1_Bruncic_Vito.SchLib
Replace Symbol from FB1 MPZ2012S601AT000 in C:\FER\3godina\6sem\zavrsni\IBC_prijamnik_VB\STM32.SchDoc with MPZ2012S601AT000 from DZ1_Bruncic_Vito.SchLib
Replace Symbol from L1 LSQBA201212T100KR in C:\FER\3godina\6sem\zavrsni\IBC_prijamnik_VB\STM32.SchDoc with LSQBA201212T100KR from DZ1_Bruncic_Vito.SchLib
Replace Symbol from L2 AIMC-0805-10NJ-T in C:\FER\3godina\6sem\zavrsni\IBC_prijamnik_VB\STM32.SchDoc with AIMC-0805-10NJ-T from DZ1_Bruncic_Vito.SchLib
Replace Symbol from R7 AC0805FR-0749R9L in C:\FER\3godina\6sem\zavrsni\IBC_prijamnik_VB\STM32.SchDoc with AC0805FR-0749R9L from DZ1_Bruncic_Vito.SchLib
Replace Symbol from R8 RC0805JR-0710KL in C:\FER\3godina\6sem\zavrsni\IBC_prijamnik_VB\STM32.SchDoc with RC0805JR-0710KL from DZ1_Bruncic_Vito.SchLib
Replace Symbol from R9 AC0805FR-0749R9L in C:\FER\3godina\6sem\zavrsni\IBC_prijamnik_VB\STM32.SchDoc with AC0805FR-0749R9L from DZ1_Bruncic_Vito.SchLib
Replace Symbol from R16 MCU08050C1501FP5 in C:\FER\3godina\6sem\zavrsni\IBC_prijamnik_VB\STM32.SchDoc with MCU08050C1501FP5 from DZ1_Bruncic_Vito.SchLib
Replace Symbol from R17 CRCW06030000Z0EA in C:\FER\3godina\6sem\zavrsni\IBC_prijamnik_VB\STM32.SchDoc with CRCW06030000Z0EA from DZ1_Bruncic_Vito.SchLib
Replace Symbol from R18 CRCW06030000Z0EA in C:\FER\3godina\6sem\zavrsni\IBC_prijamnik_VB\STM32.SchDoc with CRCW06030000Z0EA from DZ1_Bruncic_Vito.SchLib
Replace Symbol from R19 CRCW06030000Z0EA in C:\FER\3godina\6sem\zavrsni\IBC_prijamnik_VB\STM32.SchDoc with CRCW06030000Z0EA from DZ1_Bruncic_Vito.SchLib
Replace Symbol from S1 TL3301AF160QG in C:\FER\3godina\6sem\zavrsni\IBC_prijamnik_VB\STM32.SchDoc with TL3301AF160QG from DZ1_Bruncic_Vito.SchLib
Replace Symbol from U3 STM32WB55CGU6 in C:\FER\3godina\6sem\zavrsni\IBC_prijamnik_VB\STM32.SchDoc with STM32WB55CGU6 from DZ1_Bruncic_Vito.SchLib
Replace Symbol from U3 STM32WB55CGU6 in C:\FER\3godina\6sem\zavrsni\IBC_prijamnik_VB\STM32.SchDoc with STM32WB55CGU6 from DZ1_Bruncic_Vito.SchLib
Replace Symbol from U6 74AHC1G17GWH in C:\FER\3godina\6sem\zavrsni\IBC_prijamnik_VB\STM32.SchDoc with 74AHC1G17GWH from DZ1_Bruncic_Vito.SchLib
Replace Symbol from X2 68001-204HLF in C:\FER\3godina\6sem\zavrsni\IBC_prijamnik_VB\STM32.SchDoc with 68001-204HLF from DZ1_Bruncic_Vito.SchLib
Replace Symbol from Y1 NX2012SA32768K1 in C:\FER\3godina\6sem\zavrsni\IBC_prijamnik_VB\STM32.SchDoc with NX2012SA32768K1 from DZ1_Bruncic_Vito.SchLib
Replace Symbol from Y2 NX2012SA-32.768K-STD-MUB-1 in C:\FER\3godina\6sem\zavrsni\IBC_prijamnik_VB\STM32.SchDoc with NX2012SA-32.768K-STD-MUB-1 from DZ1_Bruncic_Vito.SchLib
