Removed Parameter Case/Package:0402 from Part C20
Removed Parameter Case/Package:0603 from Part R17
Removed Parameter Case/Package:0603 from Part R18
Removed Parameter Case/Package:0603 from Part R19
Removed Parameter Case/Package:0805 from Part R16
Removed Parameter Case/Package:0805 from Part Y1
Change Value of Parameter Case/Package in Part Y2 Old=0805 New=SMD/SMT
Replace Symbol from C9 MCJCU21GBB7104KTPA01 in D:\FER\3. godina\6. sem\zavrsni\IBC_prijamnik_VB\STM32.SchDoc with MCJCU21GBB7104KTPA01 from DZ1_Bruncic_Vito.SchLib
Replace Symbol from C13 MCJCU21GBB7104KTPA01 in D:\FER\3. godina\6. sem\zavrsni\IBC_prijamnik_VB\STM32.SchDoc with MCJCU21GBB7104KTPA01 from DZ1_Bruncic_Vito.SchLib
Replace Symbol from C14 MCJCU21GBB7104KTPA01 in D:\FER\3. godina\6. sem\zavrsni\IBC_prijamnik_VB\STM32.SchDoc with MCJCU21GBB7104KTPA01 from DZ1_Bruncic_Vito.SchLib
Replace Symbol from C15 MCJCU21GBB7104KTPA01 in D:\FER\3. godina\6. sem\zavrsni\IBC_prijamnik_VB\STM32.SchDoc with MCJCU21GBB7104KTPA01 from DZ1_Bruncic_Vito.SchLib
Replace Symbol from C16 MCJCU21GBB7104KTPA01 in D:\FER\3. godina\6. sem\zavrsni\IBC_prijamnik_VB\STM32.SchDoc with MCJCU21GBB7104KTPA01 from DZ1_Bruncic_Vito.SchLib
Replace Symbol from C17 MCJCU21GBB7104KTPA01 in D:\FER\3. godina\6. sem\zavrsni\IBC_prijamnik_VB\STM32.SchDoc with MCJCU21GBB7104KTPA01 from DZ1_Bruncic_Vito.SchLib
Replace Symbol from C19 MCJCU21GBB7104KTPA01 in D:\FER\3. godina\6. sem\zavrsni\IBC_prijamnik_VB\STM32.SchDoc with MCJCU21GBB7104KTPA01 from DZ1_Bruncic_Vito.SchLib
Replace Symbol from C20 GCM1555C2A101GE02D in D:\FER\3. godina\6. sem\zavrsni\IBC_prijamnik_VB\STM32.SchDoc with GCM1555C2A101GE02D from DZ1_Bruncic_Vito.SchLib
Replace Symbol from C21 MCJCU21GBB7104KTPA01 in D:\FER\3. godina\6. sem\zavrsni\IBC_prijamnik_VB\STM32.SchDoc with MCJCU21GBB7104KTPA01 from DZ1_Bruncic_Vito.SchLib
Replace Symbol from C29 MCJCU21GBB7104KTPA01 in D:\FER\3. godina\6. sem\zavrsni\IBC_prijamnik_VB\STM32.SchDoc with MCJCU21GBB7104KTPA01 from DZ1_Bruncic_Vito.SchLib
Replace Symbol from C30 MCJCU21GBB7104KTPA01 in D:\FER\3. godina\6. sem\zavrsni\IBC_prijamnik_VB\STM32.SchDoc with MCJCU21GBB7104KTPA01 from DZ1_Bruncic_Vito.SchLib
Replace Symbol from D1 SM0805GCL in D:\FER\3. godina\6. sem\zavrsni\IBC_prijamnik_VB\STM32.SchDoc with SM0805GCL from DZ1_Bruncic_Vito.SchLib
Replace Symbol from R8 RC0805JR-0710KL in D:\FER\3. godina\6. sem\zavrsni\IBC_prijamnik_VB\STM32.SchDoc with RC0805JR-0710KL from DZ1_Bruncic_Vito.SchLib
Replace Symbol from R16 MCU08050C1501FP5 in D:\FER\3. godina\6. sem\zavrsni\IBC_prijamnik_VB\STM32.SchDoc with MCU08050C1501FP5 from DZ1_Bruncic_Vito.SchLib
Replace Symbol from R17 CRCW06030000Z0EA in D:\FER\3. godina\6. sem\zavrsni\IBC_prijamnik_VB\STM32.SchDoc with CRCW06030000Z0EA from DZ1_Bruncic_Vito.SchLib
Replace Symbol from R18 CRCW06030000Z0EA in D:\FER\3. godina\6. sem\zavrsni\IBC_prijamnik_VB\STM32.SchDoc with CRCW06030000Z0EA from DZ1_Bruncic_Vito.SchLib
Replace Symbol from R19 CRCW06030000Z0EA in D:\FER\3. godina\6. sem\zavrsni\IBC_prijamnik_VB\STM32.SchDoc with CRCW06030000Z0EA from DZ1_Bruncic_Vito.SchLib
Replace Symbol from Y1 NX2012SA32768K1 in D:\FER\3. godina\6. sem\zavrsni\IBC_prijamnik_VB\STM32.SchDoc with NX2012SA32768K1 from DZ1_Bruncic_Vito.SchLib
Replace Symbol from Y2 NX2012SA-32.768K-STD-MUB-1 in D:\FER\3. godina\6. sem\zavrsni\IBC_prijamnik_VB\STM32.SchDoc with NX2012SA-32.768K-STD-MUB-1 from DZ1_Bruncic_Vito.SchLib
